[A4,A4,A4]
[A4,B4,A4,B4,A4,B4]
[[A4,B4],[A4,B4],[A4,B4]]