A4.2
A4.8
A4.1
A4.1
[A4.2,B4.2,C4.2]
[Ab4.4,B4.4,C#4.4]