A4.8
A4.16
[A4.8,B4.8,C4.8]
[Ab4.16,B4.16,[C#4.16,D8.8]]
