[A4,B4,C4]
[A#4.4,C4.4,C#4.4]
[[A4,A#4.4],[B4,C4.4],[C4,C#4.4]]