2
A#4.4
[A#4.4,C4.4]
[A#4.4,C4.4,[C#4.4,D#4.4]]
[A4,B4]
[[A4,C4],[B4,C4]]
[[A4,D4],[B4,D4],[C4,D4]]
[[A4,D4],[B4,E4],C4]
