[A4,A#4.4,B4.4,C4.4,C#4.4,D4.4,D#4.4,E4.4,F4.4,F#4.4,G4.4,G#4.4]