0
[F#3.2,[C6.4,B6.4],[C6.4,B6.4],[C6.4,B6.4]]
[G3.2,[C#6.4,C6.4],[C#6.4,C6.4],[C#6.4,C6.4]]
[F#3.2,[C6.4,B6.4],[C6.4,B6.4],[C6.4,B6.4]]
[F#5.2,[C8.4,B8.4],[C8.4,B8.4],[C8.4,B8.4]]
[F#2.2,[C5.4,B5.4],[C5.4,B5.4],[C5.4,B5.4]]
[G2.2,[C#5.4,C5.4],[C#5.4,C5.4],[C#5.4,C5.4]]
[F2.2,[B5.4,A#5.4],[B5.4,A#5.4],[B5.4,A#5.4]]
[F2.2,[B5.4,A#5.4],[B5.4,A#5.4],[B5.4,A#5.4],G#7]
[F2.1,[B5.2,A#5.2],[B5.2,A#5.2],[B5.2,A#5.2],G#7.2]
[F2.4,[B5.8,A#5.8],[B5.8,A#5.8],[B5.8,A#5.8],G#7.8]
