-2
-4
36
50
G#3.4
F#3.4
[B4.4,E4.4]
[F#3.4,G#3.4]
[G#3.1,A#4.2,[B4.4,C#4.8]]