RYM file created successfully
RYM file created successfully